<testsuites id="" name="" tests="15" failures="15" skipped="0" errors="0" time="4.416969999999999">
<testsuite name="picks.spec.ts" timestamp="2025-10-15T05:10:30.294Z" hostname="chromium" tests="3" failures="3" skipped="0" time="0.005" errors="0">
<testcase name="Smoke Tests › should load home page @smoke" classname="picks.spec.ts" time="0.002">
<failure message="picks.spec.ts:129:7 should load home page @smoke" type="FAILURE">
<![CDATA[  [chromium] › picks.spec.ts:129:7 › Smoke Tests › should load home page @smoke ────────────────────

    Error: browserType.launch: Executable doesn't exist at /Users/jh/Library/Caches/ms-playwright/chromium_headless_shell-1194/chrome-mac/headless_shell
    ╔═════════════════════════════════════════════════════════════════════════╗
    ║ Looks like Playwright Test or Playwright was just installed or updated. ║
    ║ Please run the following command to download new browsers:              ║
    ║                                                                         ║
    ║     npx playwright install                                              ║
    ║                                                                         ║
    ║ <3 Playwright Team                                                      ║
    ╚═════════════════════════════════════════════════════════════════════════╝
]]>
</failure>
</testcase>
<testcase name="Smoke Tests › should load login page @smoke" classname="picks.spec.ts" time="0.002">
<failure message="picks.spec.ts:136:7 should load login page @smoke" type="FAILURE">
<![CDATA[  [chromium] › picks.spec.ts:136:7 › Smoke Tests › should load login page @smoke ───────────────────

    Error: browserType.launch: Executable doesn't exist at /Users/jh/Library/Caches/ms-playwright/chromium_headless_shell-1194/chrome-mac/headless_shell
    ╔═════════════════════════════════════════════════════════════════════════╗
    ║ Looks like Playwright Test or Playwright was just installed or updated. ║
    ║ Please run the following command to download new browsers:              ║
    ║                                                                         ║
    ║     npx playwright install                                              ║
    ║                                                                         ║
    ║ <3 Playwright Team                                                      ║
    ╚═════════════════════════════════════════════════════════════════════════╝
]]>
</failure>
</testcase>
<testcase name="Smoke Tests › should have working navigation @smoke" classname="picks.spec.ts" time="0.001">
<failure message="picks.spec.ts:142:7 should have working navigation @smoke" type="FAILURE">
<![CDATA[  [chromium] › picks.spec.ts:142:7 › Smoke Tests › should have working navigation @smoke ───────────

    Error: browserType.launch: Executable doesn't exist at /Users/jh/Library/Caches/ms-playwright/chromium_headless_shell-1194/chrome-mac/headless_shell
    ╔═════════════════════════════════════════════════════════════════════════╗
    ║ Looks like Playwright Test or Playwright was just installed or updated. ║
    ║ Please run the following command to download new browsers:              ║
    ║                                                                         ║
    ║     npx playwright install                                              ║
    ║                                                                         ║
    ║ <3 Playwright Team                                                      ║
    ╚═════════════════════════════════════════════════════════════════════════╝
]]>
</failure>
</testcase>
</testsuite>
<testsuite name="picks.spec.ts" timestamp="2025-10-15T05:10:30.294Z" hostname="firefox" tests="3" failures="3" skipped="0" time="0.003" errors="0">
<testcase name="Smoke Tests › should load home page @smoke" classname="picks.spec.ts" time="0.001">
<failure message="picks.spec.ts:129:7 should load home page @smoke" type="FAILURE">
<![CDATA[  [firefox] › picks.spec.ts:129:7 › Smoke Tests › should load home page @smoke ─────────────────────

    Error: browserType.launch: Executable doesn't exist at /Users/jh/Library/Caches/ms-playwright/firefox-1495/firefox/Nightly.app/Contents/MacOS/firefox
    ╔═════════════════════════════════════════════════════════════════════════╗
    ║ Looks like Playwright Test or Playwright was just installed or updated. ║
    ║ Please run the following command to download new browsers:              ║
    ║                                                                         ║
    ║     npx playwright install                                              ║
    ║                                                                         ║
    ║ <3 Playwright Team                                                      ║
    ╚═════════════════════════════════════════════════════════════════════════╝
]]>
</failure>
</testcase>
<testcase name="Smoke Tests › should load login page @smoke" classname="picks.spec.ts" time="0.001">
<failure message="picks.spec.ts:136:7 should load login page @smoke" type="FAILURE">
<![CDATA[  [firefox] › picks.spec.ts:136:7 › Smoke Tests › should load login page @smoke ────────────────────

    Error: browserType.launch: Executable doesn't exist at /Users/jh/Library/Caches/ms-playwright/firefox-1495/firefox/Nightly.app/Contents/MacOS/firefox
    ╔═════════════════════════════════════════════════════════════════════════╗
    ║ Looks like Playwright Test or Playwright was just installed or updated. ║
    ║ Please run the following command to download new browsers:              ║
    ║                                                                         ║
    ║     npx playwright install                                              ║
    ║                                                                         ║
    ║ <3 Playwright Team                                                      ║
    ╚═════════════════════════════════════════════════════════════════════════╝
]]>
</failure>
</testcase>
<testcase name="Smoke Tests › should have working navigation @smoke" classname="picks.spec.ts" time="0.001">
<failure message="picks.spec.ts:142:7 should have working navigation @smoke" type="FAILURE">
<![CDATA[  [firefox] › picks.spec.ts:142:7 › Smoke Tests › should have working navigation @smoke ────────────

    Error: browserType.launch: Executable doesn't exist at /Users/jh/Library/Caches/ms-playwright/firefox-1495/firefox/Nightly.app/Contents/MacOS/firefox
    ╔═════════════════════════════════════════════════════════════════════════╗
    ║ Looks like Playwright Test or Playwright was just installed or updated. ║
    ║ Please run the following command to download new browsers:              ║
    ║                                                                         ║
    ║     npx playwright install                                              ║
    ║                                                                         ║
    ║ <3 Playwright Team                                                      ║
    ╚═════════════════════════════════════════════════════════════════════════╝
]]>
</failure>
</testcase>
</testsuite>
<testsuite name="picks.spec.ts" timestamp="2025-10-15T05:10:30.294Z" hostname="webkit" tests="3" failures="3" skipped="0" time="0.003" errors="0">
<testcase name="Smoke Tests › should load home page @smoke" classname="picks.spec.ts" time="0.001">
<failure message="picks.spec.ts:129:7 should load home page @smoke" type="FAILURE">
<![CDATA[  [webkit] › picks.spec.ts:129:7 › Smoke Tests › should load home page @smoke ──────────────────────

    Error: browserType.launch: Executable doesn't exist at /Users/jh/Library/Caches/ms-playwright/webkit-2215/pw_run.sh
    ╔═════════════════════════════════════════════════════════════════════════╗
    ║ Looks like Playwright Test or Playwright was just installed or updated. ║
    ║ Please run the following command to download new browsers:              ║
    ║                                                                         ║
    ║     npx playwright install                                              ║
    ║                                                                         ║
    ║ <3 Playwright Team                                                      ║
    ╚═════════════════════════════════════════════════════════════════════════╝
]]>
</failure>
</testcase>
<testcase name="Smoke Tests › should load login page @smoke" classname="picks.spec.ts" time="0.001">
<failure message="picks.spec.ts:136:7 should load login page @smoke" type="FAILURE">
<![CDATA[  [webkit] › picks.spec.ts:136:7 › Smoke Tests › should load login page @smoke ─────────────────────

    Error: browserType.launch: Executable doesn't exist at /Users/jh/Library/Caches/ms-playwright/webkit-2215/pw_run.sh
    ╔═════════════════════════════════════════════════════════════════════════╗
    ║ Looks like Playwright Test or Playwright was just installed or updated. ║
    ║ Please run the following command to download new browsers:              ║
    ║                                                                         ║
    ║     npx playwright install                                              ║
    ║                                                                         ║
    ║ <3 Playwright Team                                                      ║
    ╚═════════════════════════════════════════════════════════════════════════╝
]]>
</failure>
</testcase>
<testcase name="Smoke Tests › should have working navigation @smoke" classname="picks.spec.ts" time="0.001">
<failure message="picks.spec.ts:142:7 should have working navigation @smoke" type="FAILURE">
<![CDATA[  [webkit] › picks.spec.ts:142:7 › Smoke Tests › should have working navigation @smoke ─────────────

    Error: browserType.launch: Executable doesn't exist at /Users/jh/Library/Caches/ms-playwright/webkit-2215/pw_run.sh
    ╔═════════════════════════════════════════════════════════════════════════╗
    ║ Looks like Playwright Test or Playwright was just installed or updated. ║
    ║ Please run the following command to download new browsers:              ║
    ║                                                                         ║
    ║     npx playwright install                                              ║
    ║                                                                         ║
    ║ <3 Playwright Team                                                      ║
    ╚═════════════════════════════════════════════════════════════════════════╝
]]>
</failure>
</testcase>
</testsuite>
<testsuite name="picks.spec.ts" timestamp="2025-10-15T05:10:30.294Z" hostname="Mobile Chrome" tests="3" failures="3" skipped="0" time="0.003" errors="0">
<testcase name="Smoke Tests › should load home page @smoke" classname="picks.spec.ts" time="0.001">
<failure message="picks.spec.ts:129:7 should load home page @smoke" type="FAILURE">
<![CDATA[  [Mobile Chrome] › picks.spec.ts:129:7 › Smoke Tests › should load home page @smoke ───────────────

    Error: browserType.launch: Executable doesn't exist at /Users/jh/Library/Caches/ms-playwright/chromium_headless_shell-1194/chrome-mac/headless_shell
    ╔═════════════════════════════════════════════════════════════════════════╗
    ║ Looks like Playwright Test or Playwright was just installed or updated. ║
    ║ Please run the following command to download new browsers:              ║
    ║                                                                         ║
    ║     npx playwright install                                              ║
    ║                                                                         ║
    ║ <3 Playwright Team                                                      ║
    ╚═════════════════════════════════════════════════════════════════════════╝
]]>
</failure>
</testcase>
<testcase name="Smoke Tests › should load login page @smoke" classname="picks.spec.ts" time="0.001">
<failure message="picks.spec.ts:136:7 should load login page @smoke" type="FAILURE">
<![CDATA[  [Mobile Chrome] › picks.spec.ts:136:7 › Smoke Tests › should load login page @smoke ──────────────

    Error: browserType.launch: Executable doesn't exist at /Users/jh/Library/Caches/ms-playwright/chromium_headless_shell-1194/chrome-mac/headless_shell
    ╔═════════════════════════════════════════════════════════════════════════╗
    ║ Looks like Playwright Test or Playwright was just installed or updated. ║
    ║ Please run the following command to download new browsers:              ║
    ║                                                                         ║
    ║     npx playwright install                                              ║
    ║                                                                         ║
    ║ <3 Playwright Team                                                      ║
    ╚═════════════════════════════════════════════════════════════════════════╝
]]>
</failure>
</testcase>
<testcase name="Smoke Tests › should have working navigation @smoke" classname="picks.spec.ts" time="0.001">
<failure message="picks.spec.ts:142:7 should have working navigation @smoke" type="FAILURE">
<![CDATA[  [Mobile Chrome] › picks.spec.ts:142:7 › Smoke Tests › should have working navigation @smoke ──────

    Error: browserType.launch: Executable doesn't exist at /Users/jh/Library/Caches/ms-playwright/chromium_headless_shell-1194/chrome-mac/headless_shell
    ╔═════════════════════════════════════════════════════════════════════════╗
    ║ Looks like Playwright Test or Playwright was just installed or updated. ║
    ║ Please run the following command to download new browsers:              ║
    ║                                                                         ║
    ║     npx playwright install                                              ║
    ║                                                                         ║
    ║ <3 Playwright Team                                                      ║
    ╚═════════════════════════════════════════════════════════════════════════╝
]]>
</failure>
</testcase>
</testsuite>
<testsuite name="picks.spec.ts" timestamp="2025-10-15T05:10:30.294Z" hostname="Mobile Safari" tests="3" failures="3" skipped="0" time="0.003" errors="0">
<testcase name="Smoke Tests › should load home page @smoke" classname="picks.spec.ts" time="0.001">
<failure message="picks.spec.ts:129:7 should load home page @smoke" type="FAILURE">
<![CDATA[  [Mobile Safari] › picks.spec.ts:129:7 › Smoke Tests › should load home page @smoke ───────────────

    Error: browserType.launch: Executable doesn't exist at /Users/jh/Library/Caches/ms-playwright/webkit-2215/pw_run.sh
    ╔═════════════════════════════════════════════════════════════════════════╗
    ║ Looks like Playwright Test or Playwright was just installed or updated. ║
    ║ Please run the following command to download new browsers:              ║
    ║                                                                         ║
    ║     npx playwright install                                              ║
    ║                                                                         ║
    ║ <3 Playwright Team                                                      ║
    ╚═════════════════════════════════════════════════════════════════════════╝
]]>
</failure>
</testcase>
<testcase name="Smoke Tests › should load login page @smoke" classname="picks.spec.ts" time="0.001">
<failure message="picks.spec.ts:136:7 should load login page @smoke" type="FAILURE">
<![CDATA[  [Mobile Safari] › picks.spec.ts:136:7 › Smoke Tests › should load login page @smoke ──────────────

    Error: browserType.launch: Executable doesn't exist at /Users/jh/Library/Caches/ms-playwright/webkit-2215/pw_run.sh
    ╔═════════════════════════════════════════════════════════════════════════╗
    ║ Looks like Playwright Test or Playwright was just installed or updated. ║
    ║ Please run the following command to download new browsers:              ║
    ║                                                                         ║
    ║     npx playwright install                                              ║
    ║                                                                         ║
    ║ <3 Playwright Team                                                      ║
    ╚═════════════════════════════════════════════════════════════════════════╝
]]>
</failure>
</testcase>
<testcase name="Smoke Tests › should have working navigation @smoke" classname="picks.spec.ts" time="0.001">
<failure message="picks.spec.ts:142:7 should have working navigation @smoke" type="FAILURE">
<![CDATA[  [Mobile Safari] › picks.spec.ts:142:7 › Smoke Tests › should have working navigation @smoke ──────

    Error: browserType.launch: Executable doesn't exist at /Users/jh/Library/Caches/ms-playwright/webkit-2215/pw_run.sh
    ╔═════════════════════════════════════════════════════════════════════════╗
    ║ Looks like Playwright Test or Playwright was just installed or updated. ║
    ║ Please run the following command to download new browsers:              ║
    ║                                                                         ║
    ║     npx playwright install                                              ║
    ║                                                                         ║
    ║ <3 Playwright Team                                                      ║
    ╚═════════════════════════════════════════════════════════════════════════╝
]]>
</failure>
</testcase>
</testsuite>
</testsuites>